Release 14.5 - xst P.58f (nt64)
Copyright (c) 1995-2012 Xilinx, Inc.  All rights reserved.
--> Parameter TMPDIR set to xst/projnav.tmp


Total REAL time to Xst completion: 0.00 secs
Total CPU time to Xst completion: 0.17 secs
 
--> Parameter xsthdpdir set to xst


Total REAL time to Xst completion: 0.00 secs
Total CPU time to Xst completion: 0.17 secs
 
--> Reading design: fourBitAdder.prj

TABLE OF CONTENTS
  1) Synthesis Options Summary
  2) HDL Parsing
  3) HDL Elaboration
  4) HDL Synthesis
       4.1) HDL Synthesis Report
  5) Advanced HDL Synthesis
       5.1) Advanced HDL Synthesis Report
  6) Low Level Synthesis
  7) Partition Report
  8) Design Summary
       8.1) Primitive and Black Box Usage
       8.2) Device utilization summary
       8.3) Partition Resource Summary
       8.4) Timing Report
            8.4.1) Clock Information
            8.4.2) Asynchronous Control Signals Information
            8.4.3) Timing Summary
            8.4.4) Timing Details
            8.4.5) Cross Clock Domains Report


=========================================================================
*                      Synthesis Options Summary                        *
=========================================================================
---- Source Parameters
Input File Name                    : "fourBitAdder.prj"
Ignore Synthesis Constraint File   : NO

---- Target Parameters
Output File Name                   : "fourBitAdder"
Output Format                      : NGC
Target Device                      : xc6slx16-3-csg324

---- Source Options
Top Module Name                    : fourBitAdder
Automatic FSM Extraction           : YES
FSM Encoding Algorithm             : Auto
Safe Implementation                : No
FSM Style                          : LUT
RAM Extraction                     : Yes
RAM Style                          : Auto
ROM Extraction                     : Yes
Shift Register Extraction          : YES
ROM Style                          : Auto
Resource Sharing                   : YES
Asynchronous To Synchronous        : NO
Shift Register Minimum Size        : 2
Use DSP Block                      : Auto
Automatic Register Balancing       : No

---- Target Options
LUT Combining                      : Auto
Reduce Control Sets                : Auto
Add IO Buffers                     : YES
Global Maximum Fanout              : 100000
Add Generic Clock Buffer(BUFG)     : 16
Register Duplication               : YES
Optimize Instantiated Primitives   : NO
Use Clock Enable                   : Auto
Use Synchronous Set                : Auto
Use Synchronous Reset              : Auto
Pack IO Registers into IOBs        : Auto
Equivalent register Removal        : YES

---- General Options
Optimization Goal                  : Speed
Optimization Effort                : 1
Power Reduction                    : NO
Keep Hierarchy                     : No
Netlist Hierarchy                  : As_Optimized
RTL Output                         : Yes
Global Optimization                : AllClockNets
Read Cores                         : YES
Write Timing Constraints           : NO
Cross Clock Analysis               : NO
Hierarchy Separator                : /
Bus Delimiter                      : <>
Case Specifier                     : Maintain
Slice Utilization Ratio            : 100
BRAM Utilization Ratio             : 100
DSP48 Utilization Ratio            : 100
Auto BRAM Packing                  : NO
Slice Utilization Ratio Delta      : 5

=========================================================================


=========================================================================
*                          HDL Parsing                                  *
=========================================================================
Analyzing Verilog file "\\ece-homes.ece.wpi.edu\ssargent\ECE 2029\Lab2Sch\myFullAdder.vf" into library work
Parsing module <myFullAdder>.
Analyzing Verilog file "\\ece-homes.ece.wpi.edu\ssargent\ECE 2029\Lab2Sch\fourBitAdder.vf" into library work
Parsing module <myFullAdder_MUSER_fourBitAdder>.
Parsing module <fourBitAdder>.

=========================================================================
*                            HDL Elaboration                            *
=========================================================================

Elaborating module <fourBitAdder>.

Elaborating module <myFullAdder_MUSER_fourBitAdder>.

Elaborating module <AND2>.

Elaborating module <OR3>.

Elaborating module <XOR3>.

Elaborating module <GND>.

Elaborating module <AND3B1>.

Elaborating module <AND3B2>.

Elaborating module <OR2>.

=========================================================================
*                           HDL Synthesis                               *
=========================================================================

Synthesizing Unit <fourBitAdder>.
    Related source file is "\\ece-homes.ece.wpi.edu\ssargent\ECE 2029\Lab2Sch\fourBitAdder.vf".
INFO:Xst:3210 - "\\ece-homes.ece.wpi.edu\ssargent\ECE 2029\Lab2Sch\fourBitAdder.vf" line 111: Output port <Cout> of the instance <XLXI_4> is unconnected or connected to loadless signal.
    Summary:
	no macro.
Unit <fourBitAdder> synthesized.

Synthesizing Unit <myFullAdder_MUSER_fourBitAdder>.
    Related source file is "\\ece-homes.ece.wpi.edu\ssargent\ECE 2029\Lab2Sch\fourBitAdder.vf".
    Summary:
	no macro.
Unit <myFullAdder_MUSER_fourBitAdder> synthesized.

=========================================================================
HDL Synthesis Report

Found no macro
=========================================================================

=========================================================================
*                       Advanced HDL Synthesis                          *
=========================================================================


=========================================================================
Advanced HDL Synthesis Report

Found no macro
=========================================================================

=========================================================================
*                         Low Level Synthesis                           *
=========================================================================

Optimizing unit <fourBitAdder> ...

Mapping all equations...
Building and optimizing final netlist ...
Found area constraint ratio of 100 (+ 5) on block fourBitAdder, actual ratio is 0.

Final Macro Processing ...

=========================================================================
Final Register Report

Found no macro
=========================================================================

=========================================================================
*                           Partition Report                            *
=========================================================================

Partition Implementation Status
-------------------------------

  No Partitions were found in this design.

-------------------------------

=========================================================================
*                            Design Summary                             *
=========================================================================

Top Level Output File Name         : fourBitAdder.ngc

Primitive and Black Box Usage:
------------------------------
# BELS                             : 24
#      AND2                        : 12
#      AND3B1                      : 1
#      AND3B2                      : 1
#      GND                         : 1
#      OR2                         : 1
#      OR3                         : 4
#      XOR3                        : 4
# IO Buffers                       : 13
#      IBUF                        : 8
#      OBUF                        : 5

Device utilization summary:
---------------------------

Selected Device : 6slx16csg324-3 


Slice Logic Utilization: 

Slice Logic Distribution: 
 Number of LUT Flip Flop pairs used:      0
   Number with an unused Flip Flop:       0  out of      0         
   Number with an unused LUT:             0  out of      0         
   Number of fully used LUT-FF pairs:     0  out of      0         
   Number of unique control sets:         0

IO Utilization: 
 Number of IOs:                          13
 Number of bonded IOBs:                  13  out of    232     5%  

Specific Feature Utilization:

---------------------------
Partition Resource Summary:
---------------------------

  No Partitions were found in this design.

---------------------------


=========================================================================
Timing Report

NOTE: THESE TIMING NUMBERS ARE ONLY A SYNTHESIS ESTIMATE.
      FOR ACCURATE TIMING INFORMATION PLEASE REFER TO THE TRACE REPORT
      GENERATED AFTER PLACE-and-ROUTE.

Clock Information:
------------------
No clock signals found in this design

Asynchronous Control Signals Information:
----------------------------------------
No asynchronous control signals found in this design

Timing Summary:
---------------
Speed Grade: -3

   Minimum period: No path found
   Minimum input arrival time before clock: No path found
   Maximum output required time after clock: No path found
   Maximum combinational path delay: 15.050ns

Timing Details:
---------------
All values displayed in nanoseconds (ns)

=========================================================================
Timing constraint: Default path analysis
  Total number of paths / destination ports: 116 / 5
-------------------------------------------------------------------------
Delay:               15.050ns (Levels of Logic = 11)
  Source:            B0 (PAD)
  Destination:       OverFlow (PAD)

  Data Path: B0 to OverFlow
                                Gate     Net
    Cell:in->out      fanout   Delay   Delay  Logical Name (Net Name)
    ----------------------------------------  ------------
     IBUF:I->O             3   1.222   1.015  B0_IBUF (B0_IBUF)
     AND2:I0->O            1   0.203   0.827  XLXI_1/XLXI_1 (XLXI_1/XLXN_1)
     OR3:I2->O             3   0.320   0.995  XLXI_1/XLXI_4 (XLXN_1)
     AND2:I1->O            1   0.223   0.827  XLXI_2/XLXI_1 (XLXI_2/XLXN_1)
     OR3:I2->O             3   0.320   0.995  XLXI_2/XLXI_4 (XLXN_2)
     AND2:I1->O            1   0.223   0.827  XLXI_3/XLXI_1 (XLXI_3/XLXN_1)
     OR3:I2->O             3   0.320   1.015  XLXI_3/XLXI_4 (XLXN_3)
     XOR3:I0->O            3   0.203   1.015  XLXI_4/XLXI_5 (S3_OBUF)
     AND3B1:I0->O          1   0.203   0.924  XLXI_6 (XLXN_30)
     OR2:I1->O             1   0.223   0.579  XLXI_8 (OverFlow_OBUF)
     OBUF:I->O                 2.571          OverFlow_OBUF (OverFlow)
    ----------------------------------------
    Total                     15.050ns (6.031ns logic, 9.019ns route)
                                       (40.1% logic, 59.9% route)

=========================================================================

Cross Clock Domains Report:
--------------------------

=========================================================================


Total REAL time to Xst completion: 5.00 secs
Total CPU time to Xst completion: 4.72 secs
 
--> 

Total memory usage is 257676 kilobytes

Number of errors   :    0 (   0 filtered)
Number of warnings :    0 (   0 filtered)
Number of infos    :    1 (   0 filtered)

